------------------------------------------------------------
Timing Analyzer Summary
------------------------------------------------------------

Type  : Slow 900mV 100C Model Setup 'clk'
Slack : -2.084
TNS   : -2222.207

Type  : Slow 900mV 100C Model Hold 'clk'
Slack : 0.049
TNS   : 0.000

Type  : Slow 900mV 100C Model Minimum Pulse Width 'clk'
Slack : -2.110
TNS   : -89.350

Type  : Slow 900mV 0C Model Setup 'clk'
Slack : -2.291
TNS   : -2122.156

Type  : Slow 900mV 0C Model Hold 'clk'
Slack : 0.044
TNS   : 0.000

Type  : Slow 900mV 0C Model Minimum Pulse Width 'clk'
Slack : -2.110
TNS   : -95.782

Type  : Fast 900mV 100C Model Setup 'clk'
Slack : -1.178
TNS   : -678.354

Type  : Fast 900mV 100C Model Hold 'clk'
Slack : 0.016
TNS   : 0.000

Type  : Fast 900mV 100C Model Minimum Pulse Width 'clk'
Slack : -1.210
TNS   : -53.790

Type  : Fast 900mV 0C Model Setup 'clk'
Slack : -0.807
TNS   : -375.518

Type  : Fast 900mV 0C Model Hold 'clk'
Slack : 0.014
TNS   : 0.000

Type  : Fast 900mV 0C Model Minimum Pulse Width 'clk'
Slack : -1.210
TNS   : -53.790

------------------------------------------------------------
